=== TASK020-FULL 1 01:16:23 ===
........................................................................ [  9%]
........................................................................ [ 18%]
........................................................................ [ 28%]
........................................................................ [ 37%]
........................................................................ [ 47%]
........................................................................ [ 56%]
........................................................................ [ 65%]
........................................................................ [ 75%]
........................................................................ [ 84%]
........................................................................ [ 94%]
............................................                             [100%]
764 passed in 30.19s
EXIT=0
=== TASK020-FULL 2 01:16:54 ===
........................................................................ [  9%]
........................................................................ [ 18%]
........................................................................ [ 28%]
........................................................................ [ 37%]
........................................................................ [ 47%]
........................................................................ [ 56%]
........................................................................ [ 65%]
........................................................................ [ 75%]
........................................................................ [ 84%]
........................................................................ [ 94%]
............................................                             [100%]
764 passed in 29.10s
EXIT=0
=== TASK020-FULL 3 01:17:24 ===
........................................................................ [  9%]
........................................................................ [ 18%]
........................................................................ [ 28%]
........................................................................ [ 37%]
........................................................................ [ 47%]
........................................................................ [ 56%]
........................................................................ [ 65%]
........................................................................ [ 75%]
........................................................................ [ 84%]
........................................................................ [ 94%]
............................................                             [100%]
764 passed in 29.12s
EXIT=0
=== TASK020-FULL 4 01:17:53 ===
........................................................................ [  9%]
........................................................................ [ 18%]
........................................................................ [ 28%]
........................................................................ [ 37%]
........................................................................ [ 47%]
........................................................................ [ 56%]
........................................................................ [ 65%]
........................................................................ [ 75%]
........................................................................ [ 84%]
........................................................................ [ 94%]
............................................                             [100%]
764 passed in 29.28s
EXIT=0
=== TASK020-FULL 5 01:18:23 ===
........................................................................ [  9%]
........................................................................ [ 18%]
........................................................................ [ 28%]
........................................................................ [ 37%]
........................................................................ [ 47%]
........................................................................ [ 56%]
........................................................................ [ 65%]
........................................................................ [ 75%]
........................................................................ [ 84%]
........................................................................ [ 94%]
............................................                             [100%]
764 passed in 29.58s
EXIT=0
ALL DONE 01:18:53
