Looking in indexes: https://pypi.tuna.tsinghua.edu.cn/simple
Requirement already satisfied: pip in c:\users\49745\appdata\local\temp\task004-zcode\venv-py312\lib\site-packages (24.0)
Collecting pip
  Using cached https://pypi.tuna.tsinghua.edu.cn/packages/f3/6e/1736e5b4ae2b778ef2f81c47d797de9f891d4d8acb047a24ca37a60294dd/pip-26.2.1-py3-none-any.whl (1.8 MB)
Installing collected packages: pip
  Attempting uninstall: pip
    Found existing installation: pip 24.0
    Uninstalling pip-24.0:
      Successfully uninstalled pip-24.0
Successfully installed pip-26.2.1
Looking in indexes: https://pypi.tuna.tsinghua.edu.cn/simple
Collecting PySide6
  Downloading pyside6-6.11.2-cp310-abi3-win_amd64.whl (578 kB)
     ---------------------------------------- 578.4/578.4 kB 2.3 MB/s  0:00:00
Collecting pytest
  Downloading pytest-9.1.1-py3-none-any.whl (386 kB)
Collecting pyinstaller
  Downloading pyinstaller-6.22.3-py3-none-win_amd64.whl (1.5 MB)
     ---------------------------------------- 1.5/1.5 MB 7.6 MB/s  0:00:00
Collecting shiboken6==6.11.2 (from PySide6)
  Downloading shiboken6-6.11.2-cp310-abi3-win_amd64.whl (1.2 MB)
     ---------------------------------------- 1.2/1.2 MB 15.3 MB/s  0:00:00
Collecting PySide6_Essentials==6.11.2 (from PySide6)
  Downloading pyside6_essentials-6.11.2-cp310-abi3-win_amd64.whl (76.9 MB)
     ---------------------------------------- 76.9/76.9 MB 17.2 MB/s  0:00:04
Collecting PySide6_Addons==6.11.2 (from PySide6)
  Downloading pyside6_addons-6.11.2-cp310-abi3-win_amd64.whl (168.2 MB)
     ---------------------------------------- 168.2/168.2 MB 24.2 MB/s  0:00:06
Collecting colorama>=0.4 (from pytest)
  Using cached colorama-0.4.6-py2.py3-none-any.whl (25 kB)
Collecting iniconfig>=1.0.1 (from pytest)
  Using cached iniconfig-2.3.0-py3-none-any.whl (7.5 kB)
Collecting packaging>=22 (from pytest)
  Using cached packaging-26.3-py3-none-any.whl (129 kB)
Collecting pluggy<2,>=1.5 (from pytest)
  Using cached pluggy-1.6.0-py3-none-any.whl (20 kB)
Collecting pygments>=2.7.2 (from pytest)
  Using cached pygments-2.21.0-py3-none-any.whl (1.3 MB)
Collecting altgraph (from pyinstaller)
  Downloading altgraph-0.17.5-py2.py3-none-any.whl (21 kB)
Collecting pefile>=2022.5.30 (from pyinstaller)
  Using cached pefile-2024.8.26-py3-none-any.whl (74 kB)
Collecting pyinstaller-hooks-contrib>=2026.7 (from pyinstaller)
  Downloading pyinstaller_hooks_contrib-2026.7-py3-none-any.whl (459 kB)
Collecting pywin32-ctypes>=0.2.1 (from pyinstaller)
  Downloading pywin32_ctypes-0.2.3-py3-none-any.whl (30 kB)
Collecting setuptools>=42.0.0 (from pyinstaller)
  Downloading setuptools-84.0.0-py3-none-any.whl (818 kB)
     ---------------------------------------- 818.2/818.2 kB 37.1 MB/s  0:00:00
Installing collected packages: altgraph, shiboken6, setuptools, pywin32-ctypes, pygments, pluggy, pefile, packaging, iniconfig, colorama, pytest, PySide6_Essentials, pyinstaller-hooks-contrib, PySide6_Addons, pyinstaller, PySide6

Successfully installed PySide6-6.11.2 PySide6_Addons-6.11.2 PySide6_Essentials-6.11.2 altgraph-0.17.5 colorama-0.4.6 iniconfig-2.3.0 packaging-26.3 pefile-2024.8.26 pluggy-1.6.0 pygments-2.21.0 pyinstaller-6.22.3 pyinstaller-hooks-contrib-2026.7 pytest-9.1.1 pywin32-ctypes-0.2.3 setuptools-84.0.0 shiboken6-6.11.2
=== PIP312 FREEZE ===
altgraph==0.17.5
colorama==0.4.6
iniconfig==2.3.0
packaging==26.3
pefile==2024.8.26
pluggy==1.6.0
Pygments==2.21.0
pyinstaller==6.22.3
pyinstaller-hooks-contrib==2026.7
PySide6==6.11.2
PySide6_Addons==6.11.2
PySide6_Essentials==6.11.2
pytest==9.1.1
pywin32-ctypes==0.2.3
setuptools==84.0.0
shiboken6==6.11.2
