# TASK-045 revision slice (R-001..R-005): full-repo suite at the delivered working tree, 5 consecutive runs
# shell/venv: PowerShell + TASK-012-py312 (Python 3.12.3 / PySide6 6.11.2 / pytest 9.1.1), PYTHONDONTWRITEBYTECODE=1
# command: python -m pytest -q -rs -rf -p no:cacheprovider   (pytest.ini testpaths=tests)

===== run 1 : exit=0 elapsed=43s =====
........................................................................ [  8%]
........................................................................ [ 17%]
.............................................s.......................... [ 25%]
............................................................sssss....... [ 34%]
........................................................................ [ 43%]
........................................................................ [ 51%]
........................................................................ [ 60%]
........................................................................ [ 68%]
........................................................................ [ 77%]
........................................................................ [ 86%]
........................................................................ [ 94%]
............................................                             [100%]
830 passed, 6 skipped in 42.43s

===== run 2 : exit=0 elapsed=44s =====
........................................................................ [  8%]
........................................................................ [ 17%]
.............................................s.......................... [ 25%]
............................................................sssss....... [ 34%]
........................................................................ [ 43%]
........................................................................ [ 51%]
........................................................................ [ 60%]
........................................................................ [ 68%]
........................................................................ [ 77%]
........................................................................ [ 86%]
........................................................................ [ 94%]
............................................                             [100%]
830 passed, 6 skipped in 42.88s

===== run 3 : exit=0 elapsed=44s =====
........................................................................ [  8%]
........................................................................ [ 17%]
.............................................s.......................... [ 25%]
............................................................sssss....... [ 34%]
........................................................................ [ 43%]
........................................................................ [ 51%]
........................................................................ [ 60%]
........................................................................ [ 68%]
........................................................................ [ 77%]
........................................................................ [ 86%]
........................................................................ [ 94%]
............................................                             [100%]
830 passed, 6 skipped in 43.54s

===== run 4 : exit=0 elapsed=43s =====
........................................................................ [  8%]
........................................................................ [ 17%]
.............................................s.......................... [ 25%]
............................................................sssss....... [ 34%]
........................................................................ [ 43%]
........................................................................ [ 51%]
........................................................................ [ 60%]
........................................................................ [ 68%]
........................................................................ [ 77%]
........................................................................ [ 86%]
........................................................................ [ 94%]
............................................                             [100%]
830 passed, 6 skipped in 42.82s

===== run 5 : exit=0 elapsed=44s =====
........................................................................ [  8%]
........................................................................ [ 17%]
.............................................s.......................... [ 25%]
............................................................sssss....... [ 34%]
........................................................................ [ 43%]
........................................................................ [ 51%]
........................................................................ [ 60%]
........................................................................ [ 68%]
........................................................................ [ 77%]
........................................................................ [ 86%]
........................................................................ [ 94%]
............................................                             [100%]
830 passed, 6 skipped in 43.13s

# run 6 = same tree, -rs only: pytest accepts ONE -r character set, so -rs with -rf keeps the failed-only summary and the skip reasons would never print.
===== run 6 : exit=0 elapsed=43s =====
........................................................................ [  8%]
........................................................................ [ 17%]
.............................................s.......................... [ 25%]
............................................................sssss....... [ 34%]
........................................................................ [ 43%]
........................................................................ [ 51%]
........................................................................ [ 60%]
........................................................................ [ 68%]
........................................................................ [ 77%]
........................................................................ [ 86%]
........................................................................ [ 94%]
............................................                             [100%]
=========================== short test summary info ===========================
SKIPPED [1] tests\network\test_connection_tester.py:106: openssl unavailable
SKIPPED [1] tests\network\test_transport_tls.py:39: openssl unavailable
SKIPPED [1] tests\network\test_transport_tls.py:47: openssl unavailable
SKIPPED [1] tests\network\test_transport_tls.py:62: openssl unavailable
SKIPPED [1] tests\network\test_transport_tls.py:69: openssl unavailable
SKIPPED [1] tests\network\test_transport_tls.py:83: openssl unavailable
830 passed, 6 skipped in 42.77s
