........................................................................ [  9%]
........................................................................ [ 18%]
........................................................................ [ 27%]
........................................................................ [ 37%]
........................................................................ [ 46%]
........................................................................ [ 55%]
........................................................................ [ 65%]
........................................................................ [ 74%]
........................................................................ [ 83%]
........................................................................ [ 93%]
....................................................                     [100%]
772 passed in 30.58s
RUN_EXIT=0
........................................................................ [  9%]
........................................................................ [ 18%]
........................................................................ [ 27%]
........................................................................ [ 37%]
........................................................................ [ 46%]
........................................................................ [ 55%]
........................................................................ [ 65%]
........................................................................ [ 74%]
........................................................................ [ 83%]
........................................................................ [ 93%]
....................................................                     [100%]
772 passed in 30.07s
........................................................................ [  9%]
........................................................................ [ 18%]
........................................................................ [ 27%]
........................................................................ [ 37%]
........................................................................ [ 46%]
........................................................................ [ 55%]
........................................................................ [ 65%]
........................................................................ [ 74%]
........................................................................ [ 83%]
........................................................................ [ 93%]
....................................................                     [100%]
772 passed in 30.96s
........................................................................ [  9%]
........................................................................ [ 18%]
........................................................................ [ 27%]
........................................................................ [ 37%]
........................................................................ [ 46%]
........................................................................ [ 55%]
........................................................................ [ 65%]
........................................................................ [ 74%]
........................................................................ [ 83%]
........................................................................ [ 93%]
....................................................                     [100%]
772 passed in 30.29s
........................................................................ [  9%]
........................................................................ [ 18%]
........................................................................ [ 27%]
........................................................................ [ 37%]
........................................................................ [ 46%]
........................................................................ [ 55%]
........................................................................ [ 65%]
........................................................................ [ 74%]
........................................................................ [ 83%]
........................................................................ [ 93%]
....................................................                     [100%]
772 passed in 30.22s
