# TASK-043 full-repo suite at the delivered working tree: 5 consecutive runs
# shell/venv: PowerShell + TASK-012-py312 (Python 3.12.3 / PySide6 6.11.2 / pytest 9.1.1), PYTHONDONTWRITEBYTECODE=1
# command: python -m pytest -q -rs -rf -p no:cacheprovider   (pytest.ini testpaths=tests)

===== run 1 : exit=0 elapsed=32s =====
........................................................................ [  8%]
........................................................................ [ 17%]
..........................................s............................. [ 26%]
.........................................................sssss.......... [ 35%]
........................................................................ [ 44%]
........................................................................ [ 53%]
........................................................................ [ 62%]
........................................................................ [ 71%]
........................................................................ [ 80%]
........................................................................ [ 89%]
........................................................................ [ 98%]
................                                                         [100%]
802 passed, 6 skipped in 31.73s

===== run 2 : exit=0 elapsed=32s =====
........................................................................ [  8%]
........................................................................ [ 17%]
..........................................s............................. [ 26%]
.........................................................sssss.......... [ 35%]
........................................................................ [ 44%]
........................................................................ [ 53%]
........................................................................ [ 62%]
........................................................................ [ 71%]
........................................................................ [ 80%]
........................................................................ [ 89%]
........................................................................ [ 98%]
................                                                         [100%]
802 passed, 6 skipped in 31.72s

===== run 3 : exit=0 elapsed=32s =====
........................................................................ [  8%]
........................................................................ [ 17%]
..........................................s............................. [ 26%]
.........................................................sssss.......... [ 35%]
........................................................................ [ 44%]
........................................................................ [ 53%]
........................................................................ [ 62%]
........................................................................ [ 71%]
........................................................................ [ 80%]
........................................................................ [ 89%]
........................................................................ [ 98%]
................                                                         [100%]
802 passed, 6 skipped in 31.72s

===== run 4 : exit=0 elapsed=33s =====
........................................................................ [  8%]
........................................................................ [ 17%]
..........................................s............................. [ 26%]
.........................................................sssss.......... [ 35%]
........................................................................ [ 44%]
........................................................................ [ 53%]
........................................................................ [ 62%]
........................................................................ [ 71%]
........................................................................ [ 80%]
........................................................................ [ 89%]
........................................................................ [ 98%]
................                                                         [100%]
802 passed, 6 skipped in 32.14s

===== run 5 : exit=0 elapsed=33s =====
........................................................................ [  8%]
........................................................................ [ 17%]
..........................................s............................. [ 26%]
.........................................................sssss.......... [ 35%]
........................................................................ [ 44%]
........................................................................ [ 53%]
........................................................................ [ 62%]
........................................................................ [ 71%]
........................................................................ [ 80%]
........................................................................ [ 89%]
........................................................................ [ 98%]
................                                                         [100%]
802 passed, 6 skipped in 32.69s

# run 6 = same tree, re-run with -rs only. pytest accepts ONE -r character set, so
# "-rs -rf" (runs 1-5) kept the failed-only summary: the count line still reports
# "6 skipped" but the per-test reasons appear only in this run (all openssl unavailable).
===== run 6 : exit=0 elapsed=33s =====
........................................................................ [  8%]
........................................................................ [ 17%]
..........................................s............................. [ 26%]
.........................................................sssss.......... [ 35%]
........................................................................ [ 44%]
........................................................................ [ 53%]
........................................................................ [ 62%]
........................................................................ [ 71%]
........................................................................ [ 80%]
........................................................................ [ 89%]
........................................................................ [ 98%]
................                                                         [100%]
=========================== short test summary info ===========================
SKIPPED [1] tests\network\test_connection_tester.py:106: openssl unavailable
SKIPPED [1] tests\network\test_transport_tls.py:39: openssl unavailable
SKIPPED [1] tests\network\test_transport_tls.py:47: openssl unavailable
SKIPPED [1] tests\network\test_transport_tls.py:62: openssl unavailable
SKIPPED [1] tests\network\test_transport_tls.py:69: openssl unavailable
SKIPPED [1] tests\network\test_transport_tls.py:83: openssl unavailable
802 passed, 6 skipped in 32.63s
