FF                                                                       [100%]
================================== FAILURES ===================================
______________ test_interleaved_commit_cannot_orphan_a_revision _______________

owned_db = (<sqlite3.Connection object at 0x000002BFFB3462F0>, WindowsPath('C:/Users/49745/AppData/Local/Temp/pytest-of-49745/pytest-2589/test_interleaved_commit_cannot0/library.db'))

    def test_interleaved_commit_cannot_orphan_a_revision(owned_db):
        """AC ①/③ (discriminating): the writer's rollback must take its own
        half-open revision row with it even though the other thread commits
        in the middle.  Pre-fix both threads shared one transaction, so the
        other thread's commit published the half-open row and the rollback
        had nothing left to undo — an orphan revision, deterministically."""
        conn, db_path = owned_db
        _seed_region(conn)
        begin_inserted = threading.Event()
        other_committed = threading.Event()
    
        def writer() -> None:
            # half-open transaction: revision row inserted, NOT committed
            conn.execute("BEGIN IMMEDIATE")
            conn.execute(
                "INSERT INTO region_revisions (region_revision_id, region_id,"
                " revision_no, snapshot_json, origin, review_state, is_pinned,"
                " created_at) VALUES ('rev-x', 'r1', 1, '{}', 'user',"
                " 'confirmed', 0, ?)",
                (_NOW,),
            )
            begin_inserted.set()
            other_committed.wait(5)
            # pre-fix: the other thread's bare commit() already published this
            # half-open row (one shared transaction), so the rollback below is
            # a no-op and the row is orphaned on disk.
            # post-fix: the other thread's commit() is a no-op on its OWN
            # connection and the rollback undoes the writer's row.
            conn.rollback()
    
        def other_thread() -> None:
            begin_inserted.wait(5)
            # no DML, no write lock needed post-fix; pre-fix this single
            # commit() ended the shared transaction holding the writer's row
            conn.commit()
            other_committed.set()
    
        t1 = threading.Thread(target=writer)
        t2 = threading.Thread(target=other_thread)
        t1.start()
        t2.start()
        t1.join(10)
        t2.join(10)
    
        judge = sqlite3.connect(str(db_path))
        try:
            orphans = judge.execute(
                "SELECT COUNT(*) FROM region_revisions WHERE region_revision_id = 'rev-x'"
            ).fetchone()[0]
        finally:
            judge.close()
>       assert orphans == 0, (
            "a half-open revision row survived its own writer's rollback"
            " because the other thread's commit published it (orphan revision)"
        )
E       AssertionError: a half-open revision row survived its own writer's rollback because the other thread's commit published it (orphan revision)
E       assert 1 == 0

tests\core\test_connection_ownership.py:142: AssertionError
___________ test_writer_success_survives_the_other_threads_rollback ___________

owned_db = (<sqlite3.Connection object at 0x000002BFFB346C50>, WindowsPath('C:/Users/49745/AppData/Local/Temp/pytest-of-49745/pytest-2589/test_writer_success_survives_t0/library.db'))

    def test_writer_success_survives_the_other_threads_rollback(owned_db):
        """AC ②/D3 (discriminating): a writer that returns success (its
        ``with conn:`` block committed) must have its row on disk even if
        the other thread's error path called ``conn.rollback()`` mid-write.
        Pre-fix the rollback ate the writer's uncommitted insert — the
        writer still returned success and the row was silently gone."""
        conn, db_path = owned_db
        begin_inserted = threading.Event()
        rollback_done = threading.Event()
        committed = threading.Event()
    
        def writer() -> None:
            with conn:
                conn.execute(
                    "INSERT INTO books (book_id, title, created_at, updated_at)"
                    " VALUES ('b-d3', 'D3', ?, ?)",
                    (_NOW, _NOW),
                )
                begin_inserted.set()
                rollback_done.wait(5)
            committed.set()
    
        def error_path() -> None:
            # the shape of pipeline.py's failure path: rollback on the shared
            # connection while another thread has an open transaction
            begin_inserted.wait(5)
            conn.rollback()
            rollback_done.set()
    
        t1 = threading.Thread(target=writer)
        t2 = threading.Thread(target=error_path)
        t1.start()
        t2.start()
        t1.join(10)
        t2.join(10)
        assert committed.is_set(), "writer never finished"
    
        judge = sqlite3.connect(str(db_path))
        try:
            rows = judge.execute(
                "SELECT COUNT(*) FROM books WHERE book_id = 'b-d3'"
            ).fetchone()[0]
        finally:
            judge.close()
>       assert rows == 1, (
            "writer returned success but an independent connection cannot"
            " read the row back (silently swallowed write)"
        )
E       AssertionError: writer returned success but an independent connection cannot read the row back (silently swallowed write)
E       assert 0 == 1

tests\core\test_connection_ownership.py:192: AssertionError
2 failed in 0.61s

COLLECTED=2 tests collected in 0.03s
EXIT=1
LABEL=prefix-ownership-2
HEAD=a2b23adcb59bc7ed8a3259ec13bd57985a00de56
