=== POST-RUN 1 23:49:11 ===
........................................................................ [100%]
72 passed in 2.22s
EXIT=0
=== POST-RUN 2 23:49:13 ===
........................................................................ [100%]
72 passed in 2.24s
EXIT=0
=== POST-RUN 3 23:49:16 ===
........................................................................ [100%]
72 passed in 2.26s
EXIT=0
=== POST-RUN 4 23:49:19 ===
........................................................................ [100%]
72 passed in 2.30s
EXIT=0
=== POST-RUN 5 23:49:21 ===
........................................................................ [100%]
72 passed in 2.32s
EXIT=0
=== POST-RUN 6 23:49:24 ===
........................................................................ [100%]
72 passed in 2.27s
EXIT=0
=== POST-RUN 7 23:49:27 ===
........................................................................ [100%]
72 passed in 2.28s
EXIT=0
=== POST-RUN 8 23:49:29 ===
........................................................................ [100%]
72 passed in 2.28s
EXIT=0
=== POST-RUN 9 23:49:32 ===
........................................................................ [100%]
72 passed in 2.30s
EXIT=0
=== POST-RUN 10 23:49:35 ===
........................................................................ [100%]
72 passed in 2.26s
EXIT=0
=== POST-RUN 11 23:49:37 ===
........................................................................ [100%]
72 passed in 2.29s
EXIT=0
=== POST-RUN 12 23:49:40 ===
........................................................................ [100%]
72 passed in 2.27s
EXIT=0
=== POST-RUN 13 23:49:43 ===
........................................................................ [100%]
72 passed in 2.56s
EXIT=0
=== POST-RUN 14 23:49:46 ===
........................................................................ [100%]
72 passed in 2.26s
EXIT=0
=== POST-RUN 15 23:49:48 ===
........................................................................ [100%]
72 passed in 2.27s
EXIT=0
=== POST-RUN 16 23:49:51 ===
........................................................................ [100%]
72 passed in 2.27s
EXIT=0
=== POST-RUN 17 23:49:54 ===
........................................................................ [100%]
72 passed in 2.29s
EXIT=0
=== POST-RUN 18 23:49:56 ===
........................................................................ [100%]
72 passed in 2.24s
EXIT=0
=== POST-RUN 19 23:49:59 ===
........................................................................ [100%]
72 passed in 2.36s
EXIT=0
=== POST-RUN 20 23:50:02 ===
........................................................................ [100%]
72 passed in 2.30s
EXIT=0
=== POST-RUN 21 23:50:04 ===
........................................................................ [100%]
72 passed in 2.26s
EXIT=0
=== POST-RUN 22 23:50:07 ===
........................................................................ [100%]
72 passed in 2.28s
EXIT=0
=== POST-RUN 23 23:50:10 ===
........................................................................ [100%]
72 passed in 2.27s
EXIT=0
=== POST-RUN 24 23:50:12 ===
........................................................................ [100%]
72 passed in 2.26s
EXIT=0
=== POST-RUN 25 23:50:15 ===
........................................................................ [100%]
72 passed in 2.31s
EXIT=0
=== POST-RUN 26 23:50:18 ===
........................................................................ [100%]
72 passed in 2.29s
EXIT=0
=== POST-RUN 27 23:50:20 ===
........................................................................ [100%]
72 passed in 2.27s
EXIT=0
=== POST-RUN 28 23:50:23 ===
........................................................................ [100%]
72 passed in 2.31s
EXIT=0
=== POST-RUN 29 23:50:26 ===
........................................................................ [100%]
72 passed in 2.30s
EXIT=0
=== POST-RUN 30 23:50:29 ===
........................................................................ [100%]
72 passed in 2.28s
EXIT=0
=== POST-FULL 1 23:50:31 ===
........................................................................ [  9%]
........................................................................ [ 19%]
........................................................................ [ 28%]
........................................................................ [ 38%]
........................................................................ [ 48%]
........................................................................ [ 57%]
........................................................................ [ 67%]
........................................................................ [ 76%]
........................................................................ [ 86%]
........................................................................ [ 96%]
.............................                                            [100%]
749 passed in 26.62s
EXIT=0
=== POST-FULL 2 23:50:58 ===
........................................................................ [  9%]
........................................................................ [ 19%]
........................................................................ [ 28%]
........................................................................ [ 38%]
........................................................................ [ 48%]
........................................................................ [ 57%]
........................................................................ [ 67%]
........................................................................ [ 76%]
........................................................................ [ 86%]
........................................................................ [ 96%]
.............................                                            [100%]
749 passed in 25.77s
EXIT=0
=== POST-FULL 3 23:51:25 ===
........................................................................ [  9%]
........................................................................ [ 19%]
........................................................................ [ 28%]
........................................................................ [ 38%]
........................................................................ [ 48%]
........................................................................ [ 57%]
........................................................................ [ 67%]
........................................................................ [ 76%]
........................................................................ [ 86%]
........................................................................ [ 96%]
.............................                                            [100%]
749 passed in 25.44s
EXIT=0
=== POST-FULL 4 23:51:51 ===
........................................................................ [  9%]
........................................................................ [ 19%]
........................................................................ [ 28%]
........................................................................ [ 38%]
........................................................................ [ 48%]
........................................................................ [ 57%]
........................................................................ [ 67%]
........................................................................ [ 76%]
........................................................................ [ 86%]
........................................................................ [ 96%]
.............................                                            [100%]
749 passed in 26.02s
EXIT=0
=== POST-FULL 5 23:52:17 ===
........................................................................ [  9%]
........................................................................ [ 19%]
........................................................................ [ 28%]
........................................................................ [ 38%]
........................................................................ [ 48%]
........................................................................ [ 57%]
........................................................................ [ 67%]
........................................................................ [ 76%]
........................................................................ [ 86%]
........................................................................ [ 96%]
.............................                                            [100%]
749 passed in 27.57s
EXIT=0
=== POST-FULL 6 23:52:45 ===
........................................................................ [  9%]
........................................................................ [ 19%]
........................................................................ [ 28%]
........................................................................ [ 38%]
........................................................................ [ 48%]
........................................................................ [ 57%]
........................................................................ [ 67%]
........................................................................ [ 76%]
........................................................................ [ 86%]
........................................................................ [ 96%]
.............................                                            [100%]
749 passed in 27.02s
EXIT=0
ALL DONE 23:53:13
