=== PRE-RUN 1 23:21:45 ===
..................................................................       [100%]
66 passed in 2.62s
EXIT=0
=== PRE-RUN 2 23:21:48 ===
..................................................................       [100%]
66 passed in 2.52s
EXIT=0
=== PRE-RUN 3 23:21:51 ===
..................................................................       [100%]
66 passed in 2.70s
EXIT=0
=== PRE-RUN 4 23:21:54 ===
..................................................................       [100%]
66 passed in 2.37s
EXIT=0
=== PRE-RUN 5 23:21:57 ===
..................................................................       [100%]
66 passed in 2.36s
EXIT=0
=== PRE-RUN 6 23:22:00 ===
..................................................................       [100%]
66 passed in 2.33s
EXIT=0
=== PRE-RUN 7 23:22:03 ===
..................................................................       [100%]
66 passed in 2.35s
EXIT=0
=== PRE-RUN 8 23:22:05 ===
..................................................................       [100%]
66 passed in 2.30s
EXIT=0
=== PRE-RUN 9 23:22:08 ===
..................................................................       [100%]
66 passed in 2.28s
EXIT=0
=== PRE-RUN 10 23:22:11 ===
..................................................................       [100%]
66 passed in 2.30s
EXIT=0
ALL DONE 23:22:14
=== PRE-RUN 11 23:23:44 ===
..................................................................       [100%]
66 passed in 2.34s
EXIT=0
=== PRE-RUN 12 23:23:46 ===
..................................................................       [100%]
66 passed in 2.32s
EXIT=0
=== PRE-RUN 13 23:23:49 ===
..................................................................       [100%]
66 passed in 2.39s
EXIT=0
=== PRE-RUN 14 23:23:52 ===
..................................................................       [100%]
66 passed in 2.33s
EXIT=0
=== PRE-RUN 15 23:23:55 ===
..................................................................       [100%]
66 passed in 2.32s
EXIT=0
=== PRE-RUN 16 23:23:57 ===
..................................................................       [100%]
66 passed in 2.38s
EXIT=0
=== PRE-RUN 17 23:24:00 ===
..................................................................       [100%]
66 passed in 2.38s
EXIT=0
=== PRE-RUN 18 23:24:03 ===
..................................................................       [100%]
66 passed in 2.38s
EXIT=0
=== PRE-RUN 19 23:24:06 ===
..................................................................       [100%]
66 passed in 2.37s
EXIT=0
=== PRE-RUN 20 23:24:09 ===
..................................................................       [100%]
66 passed in 2.33s
EXIT=0
=== PRE-RUN 21 23:24:11 ===
..................................................................       [100%]
66 passed in 2.41s
EXIT=0
=== PRE-RUN 22 23:24:14 ===
..................................................................       [100%]
66 passed in 2.36s
EXIT=0
=== PRE-RUN 23 23:24:17 ===
..................................................................       [100%]
66 passed in 2.28s
EXIT=0
=== PRE-RUN 24 23:24:20 ===
..................................................................       [100%]
66 passed in 2.33s
EXIT=0
=== PRE-RUN 25 23:24:22 ===
..................................................................       [100%]
66 passed in 2.37s
EXIT=0
=== PRE-RUN 26 23:24:25 ===
..................................................................       [100%]
66 passed in 2.33s
EXIT=0
=== PRE-RUN 27 23:24:28 ===
..................................................................       [100%]
66 passed in 2.33s
EXIT=0
=== PRE-RUN 28 23:24:31 ===
..................................................................       [100%]
66 passed in 2.33s
EXIT=0
=== PRE-RUN 29 23:24:33 ===
..................................................................       [100%]
66 passed in 2.35s
EXIT=0
=== PRE-RUN 30 23:24:36 ===
..................................................................       [100%]
66 passed in 2.32s
EXIT=0
=== PRE-FULL 1 23:24:39 ===
........................................................................ [  9%]
........................................................................ [ 19%]
........................................................................ [ 29%]
........................................................................ [ 38%]
........................................................................ [ 48%]
........................................................................ [ 58%]
........................................................................ [ 67%]
........................................................................ [ 77%]
........................................................................ [ 87%]
........................................................................ [ 96%]
..........EXIT=127
=== PRE-FULL 2 23:25:06 ===
........................................................................ [  9%]
........................................................................ [ 19%]
........................................................................ [ 29%]
........................................................................ [ 38%]
........................................................................ [ 48%]
........................................................................ [ 58%]
........................................................................ [ 67%]
........................................................................ [ 77%]
........................................................................ [ 87%]
........................................................................ [ 96%]
.......................                                                  [100%]
743 passed in 27.16s
EXIT=0
ALL DONE 23:25:34
