Could not attach Keys property to:  ChapterPicker_QMLTYPE_51(0x1847a3a2510)  is not an Item
file:///C:/NewManga/_internal/ui/qml/common/ChapterPicker.qml:8:1: QML ChapterPicker: Accessible attached property must be attached to an object deriving from Item or Action
Could not attach Keys property to:  ChapterPicker_QMLTYPE_51(0x1847a4a4d20)  is not an Item
file:///C:/NewManga/_internal/ui/qml/common/ChapterPicker.qml:8:1: QML ChapterPicker: Accessible attached property must be attached to an object deriving from Item or Action
file:///C:/NewManga/_internal/ui/qml/common/ChapterPicker.qml:137:24: QML Label: The current style does not support customization of this control (property: "indicator" item: Label_QMLTYPE_13(0x1847a85c460, parent=0x0, geometry=0,0 0x0)). Please customize a non-native style (such as Basic, Fusion, Material, etc). For more information, see: https://doc.qt.io/qt-6/qtquickcontrols2-customize.html#customization-reference
file:///C:/NewManga/_internal/ui/qml/common/ChapterPicker.qml:129:26: QML QQuickText: The current style does not support customization of this control (property: "contentItem" item: QQuickText(0x1847a85e170, parent=0x0, geometry=0,0 0x0 ?)). Please customize a non-native style (such as Basic, Fusion, Material, etc). For more information, see: https://doc.qt.io/qt-6/qtquickcontrols2-customize.html#customization-reference
file:///C:/NewManga/_internal/ui/qml/common/ChapterPicker.qml:104:24: QML Label: The current style does not support customization of this control (property: "indicator" item: Label_QMLTYPE_13(0x1847a85ac00, parent=0x0, geometry=0,0 0x0)). Please customize a non-native style (such as Basic, Fusion, Material, etc). For more information, see: https://doc.qt.io/qt-6/qtquickcontrols2-customize.html#customization-reference
file:///C:/NewManga/_internal/ui/qml/common/ChapterPicker.qml:96:26: QML QQuickText: The current style does not support customization of this control (property: "contentItem" item: QQuickText(0x1847a85c550, parent=0x0, geometry=0,0 0x0 ?)). Please customize a non-native style (such as Basic, Fusion, Material, etc). For more information, see: https://doc.qt.io/qt-6/qtquickcontrols2-customize.html#customization-reference
file:///C:/NewManga/_internal/ui/qml/workbench/RegionInspector.qml:104:25: QML QQuickRectangle: The current style does not support customization of this control (property: "background" item: QQuickRectangle(0x1847a72d7f0, parent=0x0, geometry=0,0 0x0)). Please customize a non-native style (such as Basic, Fusion, Material, etc). For more information, see: https://doc.qt.io/qt-6/qtquickcontrols2-customize.html#customization-reference
file:///C:/NewManga/_internal/ui/qml/common/ChapterPicker.qml:137:24: QML Label: The current style does not support customization of this control (property: "indicator" item: Label_QMLTYPE_13(0x1847a85ade0, parent=0x0, geometry=0,0 0x0)). Please customize a non-native style (such as Basic, Fusion, Material, etc). For more information, see: https://doc.qt.io/qt-6/qtquickcontrols2-customize.html#customization-reference
file:///C:/NewManga/_internal/ui/qml/common/ChapterPicker.qml:129:26: QML QQuickText: The current style does not support customization of this control (property: "contentItem" item: QQuickText(0x1847a85aed0, parent=0x0, geometry=0,0 0x0 ?)). Please customize a non-native style (such as Basic, Fusion, Material, etc). For more information, see: https://doc.qt.io/qt-6/qtquickcontrols2-customize.html#customization-reference
file:///C:/NewManga/_internal/ui/qml/common/ChapterPicker.qml:104:24: QML Label: The current style does not support customization of this control (property: "indicator" item: Label_QMLTYPE_13(0x1847a85b920, parent=0x0, geometry=0,0 0x0)). Please customize a non-native style (such as Basic, Fusion, Material, etc). For more information, see: https://doc.qt.io/qt-6/qtquickcontrols2-customize.html#customization-reference
file:///C:/NewManga/_internal/ui/qml/common/ChapterPicker.qml:96:26: QML QQuickText: The current style does not support customization of this control (property: "contentItem" item: QQuickText(0x1847a85ba10, parent=0x0, geometry=0,0 0x0 ?)). Please customize a non-native style (such as Basic, Fusion, Material, etc). For more information, see: https://doc.qt.io/qt-6/qtquickcontrols2-customize.html#customization-reference
file:///C:/NewManga/_internal/ui/qml/bookshelf/ChapterList.qml:31: TypeError: Cannot read property 'chapterListModel' of null
file:///C:/NewManga/_internal/ui/qml/bookshelf/BookDetailPanel.qml:17: TypeError: Cannot read property 'selectedBook' of null
file:///C:/NewManga/_internal/ui/qml/bookshelf/BookshelfView.qml:65: TypeError: Cannot read property 'isEmpty' of null
file:///C:/NewManga/_internal/ui/qml/bookshelf/BookGrid.qml:51: TypeError: Cannot read property 'viewMode' of null
file:///C:/NewManga/_internal/ui/qml/bookshelf/BookGrid.qml:54: TypeError: Cannot read property 'bookListModel' of null
file:///C:/NewManga/_internal/ui/qml/bookshelf/BookGrid.qml:25: TypeError: Cannot read property 'viewMode' of null
file:///C:/NewManga/_internal/ui/qml/bookshelf/BookGrid.qml:29: TypeError: Cannot read property 'bookListModel' of null
file:///C:/NewManga/_internal/ui/qml/bookshelf/BookshelfView.qml:49: TypeError: Cannot read property 'isEmpty' of null
file:///C:/NewManga/_internal/ui/qml/bookshelf/BookshelfToolbar.qml:63: TypeError: Cannot read property 'viewMode' of null
file:///C:/NewManga/_internal/ui/qml/bookshelf/BookshelfToolbar.qml:57: TypeError: Cannot read property 'sortBy' of null
file:///C:/NewManga/_internal/ui/qml/bookshelf/BookshelfToolbar.qml:52: TypeError: Cannot read property 'archivedFilter' of null
file:///C:/NewManga/_internal/ui/qml/bookshelf/BookshelfToolbar.qml:45: TypeError: Cannot read property 'favoritesOnly' of null
