=== TASK023-FULL 1 01:57:18 ===
........................................................................ [  9%]
........................................................................ [ 18%]
........................................................................ [ 28%]
........................................................................ [ 37%]
........................................................................ [ 46%]
........................................................................ [ 56%]
........................................................................ [ 65%]
........................................................................ [ 74%]
........................................................................ [ 84%]
........................................................................ [ 93%]
..................................................                       [100%]
770 passed in 30.14s
EXIT=0
=== TASK023-FULL 2 01:57:49 ===
........................................................................ [  9%]
........................................................................ [ 18%]
........................................................................ [ 28%]
........................................................................ [ 37%]
........................................................................ [ 46%]
........................................................................ [ 56%]
........................................................................ [ 65%]
........................................................................ [ 74%]
........................................................................ [ 84%]
........................................................................ [ 93%]
..................................................                       [100%]
770 passed in 29.98s
EXIT=0
=== TASK023-FULL 3 01:58:19 ===
........................................................................ [  9%]
........................................................................ [ 18%]
........................................................................ [ 28%]
........................................................................ [ 37%]
........................................................................ [ 46%]
........................................................................ [ 56%]
........................................................................ [ 65%]
........................................................................ [ 74%]
........................................................................ [ 84%]
........................................................................ [ 93%]
..................................................                       [100%]
770 passed in 29.50s
EXIT=0
=== TASK023-FULL 4 01:58:49 ===
........................................................................ [  9%]
........................................................................ [ 18%]
........................................................................ [ 28%]
........................................................................ [ 37%]
........................................................................ [ 46%]
........................................................................ [ 56%]
........................................................................ [ 65%]
........................................................................ [ 74%]
........................................................................ [ 84%]
........................................................................ [ 93%]
..................................................                       [100%]
770 passed in 30.12s
EXIT=0
=== TASK023-FULL 5 01:59:20 ===
........................................................................ [  9%]
........................................................................ [ 18%]
........................................................................ [ 28%]
........................................................................ [ 37%]
........................................................................ [ 46%]
........................................................................ [ 56%]
........................................................................ [ 65%]
........................................................................ [ 74%]
........................................................................ [ 84%]
........................................................................ [ 93%]
..................................................                       [100%]
770 passed in 30.68s
EXIT=0
ALL DONE 01:59:51
